============================= test session starts ==============================
platform linux -- Python 3.11.0rc1, pytest-9.0.2, pluggy-1.6.0 -- /home/ywatanabe/.env-3.11/bin/python
cachedir: .pytest_cache
metadata: {'Python': '3.11.0rc1', 'Platform': 'Linux-6.6.87.2-microsoft-standard-WSL2-x86_64-with-glibc2.35', 'Packages': {'pytest': '9.0.2', 'pluggy': '1.6.0'}, 'Plugins': {'metadata': '3.1.1', 'json-report': '1.5.0', 'testmon': '2.2.0', 'env': '1.2.0', 'xdist': '3.8.0', 'anyio': '4.12.0', 'hypothesis': '6.135.24', 'playwright': '0.7.1', 'zarr': '3.1.5', 'asyncio': '1.3.0', 'base-url': '2.1.0', 'timeout': '2.4.0', 'mock': '3.15.1', 'cov': '7.0.0'}, 'Base URL': ''}
hypothesis profile 'default'
rootdir: /home/ywatanabe/proj/.claude-worktree/scitex-code-test-improvement-ai
configfile: pyproject.toml
plugins: metadata-3.1.1, json-report-1.5.0, testmon-2.2.0, env-1.2.0, xdist-3.8.0, anyio-4.12.0, hypothesis-6.135.24, playwright-0.7.1, zarr-3.1.5, asyncio-1.3.0, base-url-2.1.0, timeout-2.4.0, mock-3.15.1, cov-7.0.0
asyncio: mode=Mode.AUTO, debug=False, asyncio_default_fixture_loop_scope=None, asyncio_default_test_loop_scope=function
timeout: 60.0s
timeout method: signal
timeout func_only: False
collecting ... collected 17 items

tests/scitex/ai/sk/test__to_sktime.py::TestToSktimeDf::test_numpy_input PASSED [  5%]
tests/scitex/ai/sk/test__to_sktime.py::TestToSktimeDf::test_torch_input PASSED [ 11%]
tests/scitex/ai/sk/test__to_sktime.py::TestToSktimeDf::test_dataframe_passthrough PASSED [ 17%]
tests/scitex/ai/sk/test__to_sktime.py::TestToSktimeDf::test_invalid_input_type PASSED [ 23%]
tests/scitex/ai/sk/test__to_sktime.py::TestToSktimeDf::test_output_structure PASSED [ 29%]
tests/scitex/ai/sk/test__to_sktime.py::TestToSktimeDf::test_data_type_conversion PASSED [ 35%]
tests/scitex/ai/sk/test__to_sktime.py::TestToSktimeDf::test_empty_input PASSED [ 41%]
tests/scitex/ai/sk/test__to_sktime.py::TestToSktimeDf::test_single_sample PASSED [ 47%]
tests/scitex/ai/sk/test__to_sktime.py::TestToSktimeDf::test_large_dataset PASSED [ 52%]
tests/scitex/ai/sk/test__to_sktime.py::TestToSktimeDf::test_dimension_names PASSED [ 58%]
tests/scitex/ai/sk/test__to_sktime.py::TestToSktimeDf::test_torch_gradient_preservation PASSED [ 64%]
tests/scitex/ai/sk/test__to_sktime.py::TestToSktimeDf::test_different_shapes PASSED [ 70%]
tests/scitex/ai/sk/test__to_sktime.py::TestToSktimeDf::test_various_dtypes[float32] PASSED [ 76%]
tests/scitex/ai/sk/test__to_sktime.py::TestToSktimeDf::test_various_dtypes[float64] PASSED [ 82%]
tests/scitex/ai/sk/test__to_sktime.py::TestToSktimeDf::test_various_dtypes[int32] PASSED [ 88%]
tests/scitex/ai/sk/test__to_sktime.py::TestToSktimeDf::test_various_dtypes[int64] PASSED [ 94%]
tests/scitex/ai/sk/test__to_sktime.py::TestToSktimeDf::test_nan_handling PASSED [100%]

======================== 17 passed in 62.38s (0:01:02) =========================
